<html>
<body>
<pre>
<h1>µVision Build Log</h1>
<h2>Tool Versions:</h2>
IDE-Version: ¦ÌVision V5.28.0.0
Copyright (C) 2019 ARM Ltd and ARM Germany GmbH. All rights reserved.
License Information: sdafsfsd dfasdsdfasdf, Microsoftsdafsd, LIC=SDA0P-MNUR4-PC7J8-3HYDB-7WGZN-9H2AS
 
Tool Versions:
Toolchain:       MDK-ARM Plus  Version: 5.28.0.0
Toolchain Path:  D:\MDK5\ARM\ARMCC\Bin
C Compiler:      Armcc.exe V5.06 update 6 (build 750)
Assembler:       Armasm.exe V5.06 update 6 (build 750)
Linker/Locator:  ArmLink.exe V5.06 update 6 (build 750)
Library Manager: ArmAr.exe V5.06 update 6 (build 750)
Hex Converter:   FromElf.exe V5.06 update 6 (build 750)
CPU DLL:         SARMCM3.DLL V5.28.0.0
Dialog DLL:      DCM.DLL V1.17.3.0
Target DLL:      Segger\JL2CM3.dll V2.99.36.0
Dialog DLL:      TCM.DLL V1.36.2.0
 
<h2>Project:</h2>
H:\Machanical_Dynamic_Matrix\Motion_Controller\Embedded_Software_V1.0\Motion_Controller_2020Äê1ÔÂ11ÈÕ\MDK-ARM\Motion_Controller.uvprojx
Project File Date:  01/11/2020

<h2>Output:</h2>
*** Using Compiler 'V5.06 update 6 (build 750)', folder: 'D:\MDK5\ARM\ARMCC\Bin'
Build target 'Motion_Controller'
compiling datastruct.c...
linking...
Machanical_Dynamic_Matrix\Machanical_Dynamic_Matrix.axf: Warning: L6969W: Changing AT Section .ARM.__AT_0x08001070 type from RW to RO in ER_IROM1.
Machanical_Dynamic_Matrix\Machanical_Dynamic_Matrix.axf: Warning: L6969W: Changing AT Section .ARM.__AT_0x08001054 type from RW to RO in ER_IROM1.
Machanical_Dynamic_Matrix\Machanical_Dynamic_Matrix.axf: Warning: L6969W: Changing AT Section .ARM.__AT_0x08001038 type from RW to RO in ER_IROM1.
Machanical_Dynamic_Matrix\Machanical_Dynamic_Matrix.axf: Warning: L6969W: Changing AT Section .ARM.__AT_0x0800101C type from RW to RO in ER_IROM1.
Machanical_Dynamic_Matrix\Machanical_Dynamic_Matrix.axf: Warning: L6969W: Changing AT Section .ARM.__AT_0x08001000 type from RW to RO in ER_IROM1.
Program Size: Code=49712 RO-data=7020 RW-data=928 ZI-data=22656  
Finished: 0 information, 5 warning and 0 error messages.
FromELF: creating hex file...
"Machanical_Dynamic_Matrix\Machanical_Dynamic_Matrix.axf" - 0 Error(s), 5 Warning(s).

<h2>Software Packages used:</h2>

Package Vendor: ARM
                http://www.keil.com/pack/ARM.CMSIS.5.5.1.pack
                ARM.CMSIS.5.5.1
                CMSIS (Cortex Microcontroller Software Interface Standard)
   * Component: CORE Version: 5.2.0

Package Vendor: Keil
                http://www.keil.com/pack/Keil.STM32F1xx_DFP.2.3.0.pack
                Keil.STM32F1xx_DFP.2.3.0
                STMicroelectronics STM32F1 Series Device Support, Drivers and Examples

<h2>Collection of Component include folders:</h2>
  .\RTE\_Motion_Controller
  D:\MDK5\Pack\ARM\CMSIS\5.5.1\CMSIS\Core\Include
  D:\MDK5\Pack\Keil\STM32F1xx_DFP\2.3.0\Device\Include

<h2>Collection of Component Files used:</h2>

   * Component: ARM::CMSIS:CORE:5.2.0
Build Time Elapsed:  00:00:01
</pre>
</body>
</html>
